
[1m== generated UI sources are current[0m
wire text, error codes and enums are in sync with the backend
[32mok[0m  generated UI sources are current

[1m== i18n catalogs[0m
i18n: ok, 2227 keys per locale
[32mok[0m  i18n catalogs

[1m== ui typecheck[0m
[32mok[0m  ui typecheck

[1m== ui tests[0m

 RUN  v5.0.0 /Users/ychchen/warren_ws/kirocrew-app-aidlc/ui

Error: Uncaught [Error: boom from the activity view]
    at reportException (/Users/ychchen/warren_ws/kirocrew-app-aidlc/ui/node_modules/jsdom/lib/jsdom/living/helpers/runtime-script-errors.js:66:24)
    at innerInvokeEventListeners (/Users/ychchen/warren_ws/kirocrew-app-aidlc/ui/node_modules/jsdom/lib/jsdom/living/events/EventTarget-impl.js:353:9)
    at invokeEventListeners (/Users/ychchen/warren_ws/kirocrew-app-aidlc/ui/node_modules/jsdom/lib/jsdom/living/events/EventTarget-impl.js:286:3)
    at HTMLUnknownElementImpl._dispatch (/Users/ychchen/warren_ws/kirocrew-app-aidlc/ui/node_modules/jsdom/lib/jsdom/living/events/EventTarget-impl.js:233:9)
    at HTMLUnknownElementImpl.dispatchEvent (/Users/ychchen/warren_ws/kirocrew-app-aidlc/ui/node_modules/jsdom/lib/jsdom/living/events/EventTarget-impl.js:104:17)
    at HTMLUnknownElement.dispatchEvent (/Users/ychchen/warren_ws/kirocrew-app-aidlc/ui/node_modules/jsdom/lib/jsdom/living/generated/EventTarget.js:241:34)
    at Object.invokeGuardedCallbackDev (/Users/ychchen/warren_ws/kirocrew-app-aidlc/ui/node_modules/react-dom/cjs/react-dom.development.js:4213:16)
    at invokeGuardedCallback (/Users/ychchen/warren_ws/kirocrew-app-aidlc/ui/node_modules/react-dom/cjs/react-dom.development.js:4277:31)
    at beginWork$1 (/Users/ychchen/warren_ws/kirocrew-app-aidlc/ui/node_modules/react-dom/cjs/react-dom.development.js:27490:7)
    at performUnitOfWork (/Users/ychchen/warren_ws/kirocrew-app-aidlc/ui/node_modules/react-dom/cjs/react-dom.development.js:26599:12) Error: boom from the activity view
    at /Users/ychchen/warren_ws/kirocrew-app-aidlc/ui/src/shell/StudioApp.test.tsx:120:13
    at renderWithHooks (/Users/ychchen/warren_ws/kirocrew-app-aidlc/ui/node_modules/react-dom/cjs/react-dom.development.js:15486:18)
    at mountIndeterminateComponent (/Users/ychchen/warren_ws/kirocrew-app-aidlc/ui/node_modules/react-dom/cjs/react-dom.development.js:20103:13)
    at beginWork (/Users/ychchen/warren_ws/kirocrew-app-aidlc/ui/node_modules/react-dom/cjs/react-dom.development.js:21626:16)
    at HTMLUnknownElement.callCallback (/Users/ychchen/warren_ws/kirocrew-app-aidlc/ui/node_modules/react-dom/cjs/react-dom.development.js:4164:14)
    at HTMLUnknownElement.callTheUserObjectsOperation (/Users/ychchen/warren_ws/kirocrew-app-aidlc/ui/node_modules/jsdom/lib/jsdom/living/generated/EventListener.js:26:30)
    at innerInvokeEventListeners (/Users/ychchen/warren_ws/kirocrew-app-aidlc/ui/node_modules/jsdom/lib/jsdom/living/events/EventTarget-impl.js:350:25)
    at invokeEventListeners (/Users/ychchen/warren_ws/kirocrew-app-aidlc/ui/node_modules/jsdom/lib/jsdom/living/events/EventTarget-impl.js:286:3)
    at HTMLUnknownElementImpl._dispatch (/Users/ychchen/warren_ws/kirocrew-app-aidlc/ui/node_modules/jsdom/lib/jsdom/living/events/EventTarget-impl.js:233:9)
    at HTMLUnknownElementImpl.dispatchEvent (/Users/ychchen/warren_ws/kirocrew-app-aidlc/ui/node_modules/jsdom/lib/jsdom/living/events/EventTarget-impl.js:104:17)
Error: Uncaught [Error: boom from the activity view]
    at reportException (/Users/ychchen/warren_ws/kirocrew-app-aidlc/ui/node_modules/jsdom/lib/jsdom/living/helpers/runtime-script-errors.js:66:24)
    at innerInvokeEventListeners (/Users/ychchen/warren_ws/kirocrew-app-aidlc/ui/node_modules/jsdom/lib/jsdom/living/events/EventTarget-impl.js:353:9)
    at invokeEventListeners (/Users/ychchen/warren_ws/kirocrew-app-aidlc/ui/node_modules/jsdom/lib/jsdom/living/events/EventTarget-impl.js:286:3)
    at HTMLUnknownElementImpl._dispatch (/Users/ychchen/warren_ws/kirocrew-app-aidlc/ui/node_modules/jsdom/lib/jsdom/living/events/EventTarget-impl.js:233:9)
    at HTMLUnknownElementImpl.dispatchEvent (/Users/ychchen/warren_ws/kirocrew-app-aidlc/ui/node_modules/jsdom/lib/jsdom/living/events/EventTarget-impl.js:104:17)
    at HTMLUnknownElement.dispatchEvent (/Users/ychchen/warren_ws/kirocrew-app-aidlc/ui/node_modules/jsdom/lib/jsdom/living/generated/EventTarget.js:241:34)
    at Object.invokeGuardedCallbackDev (/Users/ychchen/warren_ws/kirocrew-app-aidlc/ui/node_modules/react-dom/cjs/react-dom.development.js:4213:16)
    at invokeGuardedCallback (/Users/ychchen/warren_ws/kirocrew-app-aidlc/ui/node_modules/react-dom/cjs/react-dom.development.js:4277:31)
    at beginWork$1 (/Users/ychchen/warren_ws/kirocrew-app-aidlc/ui/node_modules/react-dom/cjs/react-dom.development.js:27490:7)
    at performUnitOfWork (/Users/ychchen/warren_ws/kirocrew-app-aidlc/ui/node_modules/react-dom/cjs/react-dom.development.js:26599:12) Error: boom from the activity view
    at /Users/ychchen/warren_ws/kirocrew-app-aidlc/ui/src/shell/StudioApp.test.tsx:120:13
    at renderWithHooks (/Users/ychchen/warren_ws/kirocrew-app-aidlc/ui/node_modules/react-dom/cjs/react-dom.development.js:15486:18)
    at mountIndeterminateComponent (/Users/ychchen/warren_ws/kirocrew-app-aidlc/ui/node_modules/react-dom/cjs/react-dom.development.js:20103:13)
    at beginWork (/Users/ychchen/warren_ws/kirocrew-app-aidlc/ui/node_modules/react-dom/cjs/react-dom.development.js:21626:16)
    at HTMLUnknownElement.callCallback (/Users/ychchen/warren_ws/kirocrew-app-aidlc/ui/node_modules/react-dom/cjs/react-dom.development.js:4164:14)
    at HTMLUnknownElement.callTheUserObjectsOperation (/Users/ychchen/warren_ws/kirocrew-app-aidlc/ui/node_modules/jsdom/lib/jsdom/living/generated/EventListener.js:26:30)
    at innerInvokeEventListeners (/Users/ychchen/warren_ws/kirocrew-app-aidlc/ui/node_modules/jsdom/lib/jsdom/living/events/EventTarget-impl.js:350:25)
    at invokeEventListeners (/Users/ychchen/warren_ws/kirocrew-app-aidlc/ui/node_modules/jsdom/lib/jsdom/living/events/EventTarget-impl.js:286:3)
    at HTMLUnknownElementImpl._dispatch (/Users/ychchen/warren_ws/kirocrew-app-aidlc/ui/node_modules/jsdom/lib/jsdom/living/events/EventTarget-impl.js:233:9)
    at HTMLUnknownElementImpl.dispatchEvent (/Users/ychchen/warren_ws/kirocrew-app-aidlc/ui/node_modules/jsdom/lib/jsdom/living/events/EventTarget-impl.js:104:17)

 Test Files  25 passed (25)
      Tests  348 passed (348)
   Start at  21:20:33
   Duration  22.50s (environment 37%, tests 33%, setup 13%, transform 12%, import 6%)

[32mok[0m  ui tests

[1m== ui build[0m
vite v8.2.2 building client environment for production...
transforming...
✓ 115 modules transformed.
rendering chunks...
computing gzip size...
dist/style.css   66.60 kB │ gzip:  10.99 kB
dist/index.mjs  818.59 kB │ gzip: 191.90 kB

✓ built in 102ms
[32mok[0m  ui build

[1m== bundle parses[0m
[32mok[0m  bundle parses

[1m== bundle content policy[0m
bundle carries no literal colour and no raw HTML injection
[32mok[0m  bundle content policy

[32mALL CHECKS PASSED[0m
