
[1m== app manifest and release assets[0m
data-home conflict: completion marker present at /Users/ychchen/.kiro/crew but a non-empty legacy home /Users/ychchen/.kirocrew also exists — the new home is authoritative and the legacy dir is NOT used (treated as debris). Any data written there is ignored. Investigate and remove it manually once confirmed stale (kirocrew doctor surfaces this).
manifest, payload version, release assets and advisor tool surface all agree
[32mok[0m  app manifest and release assets

[1m== bundled AI-DLC payload integrity[0m
payload intact: 293 files, AI-DLC 2.7.1
[32mok[0m  bundled AI-DLC payload integrity

[1m== backend tests[0m
........................................................................ [  3%]
........................................................................ [  6%]
........................................................................ [  9%]
........................................................................ [ 12%]
........................................................................ [ 15%]
........................................................................ [ 18%]
........................................................................ [ 21%]
........................................................................ [ 24%]
........................................................................ [ 27%]
........................................................................ [ 30%]
........................................................................ [ 33%]
........................................................................ [ 36%]
........................................................................ [ 39%]
........................................................................ [ 42%]
........................................................................ [ 45%]
........................................................................ [ 49%]
........................................................................ [ 52%]
........................................................................ [ 55%]
........................................................................ [ 58%]
........................................................................ [ 61%]
........................................................................ [ 64%]
........................................................................ [ 67%]
........................................................................ [ 70%]
........................................................................ [ 73%]
........................................................................ [ 76%]
........................................................................ [ 79%]
........................................................................ [ 82%]
........................................................................ [ 85%]
........................................................................ [ 88%]
........................................................................ [ 91%]
........................................................................ [ 95%]
........................................................................ [ 98%]
............................................                             [100%]
=============================== warnings summary ===============================
tests/test_advisor.py: 1 warning
tests/test_artifact_locations.py: 1 warning
tests/test_audit_questions.py: 81 warnings
tests/test_bun_configuration.py: 9 warnings
tests/test_delivery_at_most_once.py: 2 warnings
tests/test_e2e_gate.py: 27 warnings
tests/test_events.py: 17 warnings
tests/test_handlers_actions.py: 37 warnings
tests/test_handlers_auth.py: 39 warnings
tests/test_handlers_cancel.py: 2 warnings
tests/test_handlers_intents.py: 45 warnings
tests/test_handlers_misc.py: 38 warnings
tests/test_handlers_repos.py: 34 warnings
tests/test_handlers_rollback.py: 4 warnings
tests/test_handlers_uninstall.py: 3 warnings
tests/test_harness_smoke.py: 1 warning
tests/test_maintenance_cleanup.py: 51 warnings
tests/test_repo_management.py: 15 warnings
tests/test_runtime_repair.py: 31 warnings
tests/test_workspace_controls.py: 51 warnings
  /Users/ychchen/warren_ws/kirocrew-app-aidlc/tests/conftest.py:903: NotAppKeyWarning: It is recommended to use web.AppKey instances for keys.
  https://docs.aiohttp.org/en/stable/web_advanced.html#application-s-config
    application["state"] = host

tests/test_advisor.py: 1 warning
tests/test_artifact_locations.py: 1 warning
tests/test_audit_questions.py: 81 warnings
tests/test_bun_configuration.py: 9 warnings
tests/test_delivery_at_most_once.py: 2 warnings
tests/test_e2e_gate.py: 27 warnings
tests/test_events.py: 17 warnings
tests/test_handlers_actions.py: 37 warnings
tests/test_handlers_auth.py: 39 warnings
tests/test_handlers_cancel.py: 2 warnings
tests/test_handlers_intents.py: 45 warnings
tests/test_handlers_misc.py: 38 warnings
tests/test_handlers_repos.py: 34 warnings
tests/test_handlers_rollback.py: 4 warnings
tests/test_handlers_uninstall.py: 3 warnings
tests/test_harness_smoke.py: 1 warning
tests/test_maintenance_cleanup.py: 51 warnings
tests/test_repo_management.py: 15 warnings
tests/test_runtime_repair.py: 31 warnings
tests/test_workspace_controls.py: 51 warnings
  /Users/ychchen/warren_ws/kirocrew-app-aidlc/tests/conftest.py:904: NotAppKeyWarning: It is recommended to use web.AppKey instances for keys.
  https://docs.aiohttp.org/en/stable/web_advanced.html#application-s-config
    application["local_secret"] = "test-internal-secret"

tests/test_advisor.py::test_a_client_cannot_claim_through_the_route_that_its_request_was_automatic
  /Users/ychchen/warren_ws/kirocrew-app-aidlc/tests/conftest.py:907: NotAppKeyWarning: It is recommended to use web.RequestKey instances for keys.
  https://docs.aiohttp.org/en/stable/web_advanced.html#request-s-storage
    request["user"] = user

tests/test_advisor.py::test_a_client_cannot_claim_through_the_route_that_its_request_was_automatic
  /Users/ychchen/warren_ws/kirocrew-app-aidlc/tests/conftest.py:909: NotAppKeyWarning: It is recommended to use web.RequestKey instances for keys.
  https://docs.aiohttp.org/en/stable/web_advanced.html#request-s-storage
    request["app"] = app

tests/test_artifact_locations.py: 1 warning
tests/test_audit_questions.py: 81 warnings
tests/test_bun_configuration.py: 9 warnings
tests/test_delivery_at_most_once.py: 2 warnings
tests/test_e2e_gate.py: 27 warnings
tests/test_handlers_actions.py: 37 warnings
tests/test_handlers_auth.py: 39 warnings
tests/test_handlers_cancel.py: 2 warnings
tests/test_handlers_intents.py: 44 warnings
tests/test_handlers_misc.py: 34 warnings
tests/test_handlers_repos.py: 34 warnings
tests/test_handlers_rollback.py: 4 warnings
tests/test_handlers_uninstall.py: 3 warnings
tests/test_maintenance_cleanup.py: 51 warnings
tests/test_repo_management.py: 15 warnings
tests/test_runtime_repair.py: 29 warnings
tests/test_workspace_controls.py: 50 warnings
  /Users/ychchen/warren_ws/kirocrew-app-aidlc/tests/test_handlers_auth.py:147: NotAppKeyWarning: It is recommended to use web.AppKey instances for keys.
  https://docs.aiohttp.org/en/stable/web_advanced.html#application-s-config
    request.app["ctx"] = sv.ctx

tests/test_handlers_misc.py::test_diagnostics_export_sets_a_download_header
  /Users/ychchen/warren_ws/kirocrew-app-aidlc/tests/test_handlers_misc.py:292: NotAppKeyWarning: It is recommended to use web.AppKey instances for keys.
  https://docs.aiohttp.org/en/stable/web_advanced.html#application-s-config
    request.app["ctx"] = sv.ctx

tests/test_installer_cancel.py::test_process_death_during_cancel_keeps_recovery_evidence
tests/test_installer_recovery.py::test_process_death_during_generic_recovery_can_use_the_same_application_flow[uninstall]
tests/test_installer_recovery.py::test_process_death_during_generic_recovery_can_use_the_same_application_flow[rollback]
tests/test_installer_rollback.py::test_real_process_death_during_version_rollback_recovers
tests/test_installer_uninstall.py::test_real_process_death_settlement_and_recovery
  /Applications/KiroCrew.app/Contents/Resources/backend-dist/kirocrew-backend-arm64/lib/python3.12/multiprocessing/popen_fork.py:66: DeprecationWarning: This process (pid=45841) is multi-threaded, use of fork() may lead to deadlocks in the child.
    self.pid = os.fork()

-- Docs: https://docs.pytest.org/en/stable/how-to/capture-warnings.html
2348 passed, 1448 warnings in 701.16s (0:11:41)
[32mok[0m  backend tests

[1m== backend imports under the gateway's own interpreter[0m
imports on the live gateway interpreter: 25 modules
[32mok[0m  backend imports under the gateway's own interpreter

[1m== generated UI sources are current[0m
wire text, error codes and enums are in sync with the backend
[32mok[0m  generated UI sources are current

[1m== i18n catalogs[0m
i18n: ok, 2227 keys per locale
[32mok[0m  i18n catalogs

[1m== ui typecheck[0m
[32mok[0m  ui typecheck

[1m== ui tests[0m

 RUN  v5.0.0 /Users/ychchen/warren_ws/kirocrew-app-aidlc/ui

Error: Uncaught [Error: boom from the activity view]
    at reportException (/Users/ychchen/warren_ws/kirocrew-app-aidlc/ui/node_modules/jsdom/lib/jsdom/living/helpers/runtime-script-errors.js:66:24)
    at innerInvokeEventListeners (/Users/ychchen/warren_ws/kirocrew-app-aidlc/ui/node_modules/jsdom/lib/jsdom/living/events/EventTarget-impl.js:353:9)
    at invokeEventListeners (/Users/ychchen/warren_ws/kirocrew-app-aidlc/ui/node_modules/jsdom/lib/jsdom/living/events/EventTarget-impl.js:286:3)
    at HTMLUnknownElementImpl._dispatch (/Users/ychchen/warren_ws/kirocrew-app-aidlc/ui/node_modules/jsdom/lib/jsdom/living/events/EventTarget-impl.js:233:9)
    at HTMLUnknownElementImpl.dispatchEvent (/Users/ychchen/warren_ws/kirocrew-app-aidlc/ui/node_modules/jsdom/lib/jsdom/living/events/EventTarget-impl.js:104:17)
    at HTMLUnknownElement.dispatchEvent (/Users/ychchen/warren_ws/kirocrew-app-aidlc/ui/node_modules/jsdom/lib/jsdom/living/generated/EventTarget.js:241:34)
    at Object.invokeGuardedCallbackDev (/Users/ychchen/warren_ws/kirocrew-app-aidlc/ui/node_modules/react-dom/cjs/react-dom.development.js:4213:16)
    at invokeGuardedCallback (/Users/ychchen/warren_ws/kirocrew-app-aidlc/ui/node_modules/react-dom/cjs/react-dom.development.js:4277:31)
    at beginWork$1 (/Users/ychchen/warren_ws/kirocrew-app-aidlc/ui/node_modules/react-dom/cjs/react-dom.development.js:27490:7)
    at performUnitOfWork (/Users/ychchen/warren_ws/kirocrew-app-aidlc/ui/node_modules/react-dom/cjs/react-dom.development.js:26599:12) Error: boom from the activity view
    at /Users/ychchen/warren_ws/kirocrew-app-aidlc/ui/src/shell/StudioApp.test.tsx:120:13
    at renderWithHooks (/Users/ychchen/warren_ws/kirocrew-app-aidlc/ui/node_modules/react-dom/cjs/react-dom.development.js:15486:18)
    at mountIndeterminateComponent (/Users/ychchen/warren_ws/kirocrew-app-aidlc/ui/node_modules/react-dom/cjs/react-dom.development.js:20103:13)
    at beginWork (/Users/ychchen/warren_ws/kirocrew-app-aidlc/ui/node_modules/react-dom/cjs/react-dom.development.js:21626:16)
    at HTMLUnknownElement.callCallback (/Users/ychchen/warren_ws/kirocrew-app-aidlc/ui/node_modules/react-dom/cjs/react-dom.development.js:4164:14)
    at HTMLUnknownElement.callTheUserObjectsOperation (/Users/ychchen/warren_ws/kirocrew-app-aidlc/ui/node_modules/jsdom/lib/jsdom/living/generated/EventListener.js:26:30)
    at innerInvokeEventListeners (/Users/ychchen/warren_ws/kirocrew-app-aidlc/ui/node_modules/jsdom/lib/jsdom/living/events/EventTarget-impl.js:350:25)
    at invokeEventListeners (/Users/ychchen/warren_ws/kirocrew-app-aidlc/ui/node_modules/jsdom/lib/jsdom/living/events/EventTarget-impl.js:286:3)
    at HTMLUnknownElementImpl._dispatch (/Users/ychchen/warren_ws/kirocrew-app-aidlc/ui/node_modules/jsdom/lib/jsdom/living/events/EventTarget-impl.js:233:9)
    at HTMLUnknownElementImpl.dispatchEvent (/Users/ychchen/warren_ws/kirocrew-app-aidlc/ui/node_modules/jsdom/lib/jsdom/living/events/EventTarget-impl.js:104:17)
Error: Uncaught [Error: boom from the activity view]
    at reportException (/Users/ychchen/warren_ws/kirocrew-app-aidlc/ui/node_modules/jsdom/lib/jsdom/living/helpers/runtime-script-errors.js:66:24)
    at innerInvokeEventListeners (/Users/ychchen/warren_ws/kirocrew-app-aidlc/ui/node_modules/jsdom/lib/jsdom/living/events/EventTarget-impl.js:353:9)
    at invokeEventListeners (/Users/ychchen/warren_ws/kirocrew-app-aidlc/ui/node_modules/jsdom/lib/jsdom/living/events/EventTarget-impl.js:286:3)
    at HTMLUnknownElementImpl._dispatch (/Users/ychchen/warren_ws/kirocrew-app-aidlc/ui/node_modules/jsdom/lib/jsdom/living/events/EventTarget-impl.js:233:9)
    at HTMLUnknownElementImpl.dispatchEvent (/Users/ychchen/warren_ws/kirocrew-app-aidlc/ui/node_modules/jsdom/lib/jsdom/living/events/EventTarget-impl.js:104:17)
    at HTMLUnknownElement.dispatchEvent (/Users/ychchen/warren_ws/kirocrew-app-aidlc/ui/node_modules/jsdom/lib/jsdom/living/generated/EventTarget.js:241:34)
    at Object.invokeGuardedCallbackDev (/Users/ychchen/warren_ws/kirocrew-app-aidlc/ui/node_modules/react-dom/cjs/react-dom.development.js:4213:16)
    at invokeGuardedCallback (/Users/ychchen/warren_ws/kirocrew-app-aidlc/ui/node_modules/react-dom/cjs/react-dom.development.js:4277:31)
    at beginWork$1 (/Users/ychchen/warren_ws/kirocrew-app-aidlc/ui/node_modules/react-dom/cjs/react-dom.development.js:27490:7)
    at performUnitOfWork (/Users/ychchen/warren_ws/kirocrew-app-aidlc/ui/node_modules/react-dom/cjs/react-dom.development.js:26599:12) Error: boom from the activity view
    at /Users/ychchen/warren_ws/kirocrew-app-aidlc/ui/src/shell/StudioApp.test.tsx:120:13
    at renderWithHooks (/Users/ychchen/warren_ws/kirocrew-app-aidlc/ui/node_modules/react-dom/cjs/react-dom.development.js:15486:18)
    at mountIndeterminateComponent (/Users/ychchen/warren_ws/kirocrew-app-aidlc/ui/node_modules/react-dom/cjs/react-dom.development.js:20103:13)
    at beginWork (/Users/ychchen/warren_ws/kirocrew-app-aidlc/ui/node_modules/react-dom/cjs/react-dom.development.js:21626:16)
    at HTMLUnknownElement.callCallback (/Users/ychchen/warren_ws/kirocrew-app-aidlc/ui/node_modules/react-dom/cjs/react-dom.development.js:4164:14)
    at HTMLUnknownElement.callTheUserObjectsOperation (/Users/ychchen/warren_ws/kirocrew-app-aidlc/ui/node_modules/jsdom/lib/jsdom/living/generated/EventListener.js:26:30)
    at innerInvokeEventListeners (/Users/ychchen/warren_ws/kirocrew-app-aidlc/ui/node_modules/jsdom/lib/jsdom/living/events/EventTarget-impl.js:350:25)
    at invokeEventListeners (/Users/ychchen/warren_ws/kirocrew-app-aidlc/ui/node_modules/jsdom/lib/jsdom/living/events/EventTarget-impl.js:286:3)
    at HTMLUnknownElementImpl._dispatch (/Users/ychchen/warren_ws/kirocrew-app-aidlc/ui/node_modules/jsdom/lib/jsdom/living/events/EventTarget-impl.js:233:9)
    at HTMLUnknownElementImpl.dispatchEvent (/Users/ychchen/warren_ws/kirocrew-app-aidlc/ui/node_modules/jsdom/lib/jsdom/living/events/EventTarget-impl.js:104:17)

 Test Files  25 passed (25)
      Tests  348 passed (348)
   Start at  22:19:23
   Duration  22.24s (environment 36%, tests 34%, setup 14%, transform 10%, import 5%)

[32mok[0m  ui tests

[1m== ui build[0m
vite v8.2.2 building client environment for production...
transforming...
✓ 115 modules transformed.
rendering chunks...
computing gzip size...
dist/style.css   66.60 kB │ gzip:  10.99 kB
dist/index.mjs  818.59 kB │ gzip: 191.90 kB

✓ built in 91ms
[32mok[0m  ui build

[1m== bundle parses[0m
[32mok[0m  bundle parses

[1m== bundle content policy[0m
bundle carries no literal colour and no raw HTML injection
[32mok[0m  bundle content policy

[32mALL CHECKS PASSED[0m
