........................................................................ [ 29%]
........................................................................ [ 59%]
........................................................................ [ 89%]
.........................                                                [100%]
=============================== warnings summary ===============================
tests/test_audit_questions.py: 81 warnings
  /Users/ychchen/warren_ws/kirocrew-app-aidlc/tests/conftest.py:903: NotAppKeyWarning: It is recommended to use web.AppKey instances for keys.
  https://docs.aiohttp.org/en/stable/web_advanced.html#application-s-config
    application["state"] = host

tests/test_audit_questions.py: 81 warnings
  /Users/ychchen/warren_ws/kirocrew-app-aidlc/tests/conftest.py:904: NotAppKeyWarning: It is recommended to use web.AppKey instances for keys.
  https://docs.aiohttp.org/en/stable/web_advanced.html#application-s-config
    application["local_secret"] = "test-internal-secret"

tests/test_audit_questions.py::test_api_audit_question_submit_answer_reconcile_without_host_pending[A-Nothing to add]
  /Users/ychchen/warren_ws/kirocrew-app-aidlc/tests/conftest.py:907: NotAppKeyWarning: It is recommended to use web.RequestKey instances for keys.
  https://docs.aiohttp.org/en/stable/web_advanced.html#request-s-storage
    request["user"] = user

tests/test_audit_questions.py::test_api_audit_question_submit_answer_reconcile_without_host_pending[A-Nothing to add]
  /Users/ychchen/warren_ws/kirocrew-app-aidlc/tests/conftest.py:909: NotAppKeyWarning: It is recommended to use web.RequestKey instances for keys.
  https://docs.aiohttp.org/en/stable/web_advanced.html#request-s-storage
    request["app"] = app

tests/test_audit_questions.py: 81 warnings
  /Users/ychchen/warren_ws/kirocrew-app-aidlc/tests/test_handlers_auth.py:147: NotAppKeyWarning: It is recommended to use web.AppKey instances for keys.
  https://docs.aiohttp.org/en/stable/web_advanced.html#application-s-config
    request.app["ctx"] = sv.ctx

-- Docs: https://docs.pytest.org/en/stable/how-to/capture-warnings.html
241 passed, 245 warnings in 130.54s (0:02:10)
