........................................................................ [ 70%]
..............................                                           [100%]
=============================== warnings summary ===============================
tests/test_handlers_uninstall.py::test_uninstall_preview_acceptance_and_completion
tests/test_handlers_uninstall.py::test_uninstall_rejects_stale_preview_before_acceptance
tests/test_handlers_uninstall.py::test_transaction_read_cannot_name_another_repository
tests/test_handlers_rollback.py::test_rollback_preview_acceptance_completion_and_target_disappears
tests/test_handlers_rollback.py::test_changed_files_block_rollback_and_stale_confirmation_creates_no_transaction
tests/test_handlers_rollback.py::test_application_recovery_restores_interrupted_receipt_transaction_without_payload[uninstall]
tests/test_handlers_rollback.py::test_application_recovery_restores_interrupted_receipt_transaction_without_payload[rollback]
  /Users/ychchen/warren_ws/kirocrew-app-aidlc/tests/conftest.py:903: NotAppKeyWarning: It is recommended to use web.AppKey instances for keys.
  https://docs.aiohttp.org/en/stable/web_advanced.html#application-s-config
    application["state"] = host

tests/test_handlers_uninstall.py::test_uninstall_preview_acceptance_and_completion
tests/test_handlers_uninstall.py::test_uninstall_rejects_stale_preview_before_acceptance
tests/test_handlers_uninstall.py::test_transaction_read_cannot_name_another_repository
tests/test_handlers_rollback.py::test_rollback_preview_acceptance_completion_and_target_disappears
tests/test_handlers_rollback.py::test_changed_files_block_rollback_and_stale_confirmation_creates_no_transaction
tests/test_handlers_rollback.py::test_application_recovery_restores_interrupted_receipt_transaction_without_payload[uninstall]
tests/test_handlers_rollback.py::test_application_recovery_restores_interrupted_receipt_transaction_without_payload[rollback]
  /Users/ychchen/warren_ws/kirocrew-app-aidlc/tests/conftest.py:904: NotAppKeyWarning: It is recommended to use web.AppKey instances for keys.
  https://docs.aiohttp.org/en/stable/web_advanced.html#application-s-config
    application["local_secret"] = "test-internal-secret"

tests/test_handlers_uninstall.py::test_uninstall_preview_acceptance_and_completion
  /Users/ychchen/warren_ws/kirocrew-app-aidlc/tests/conftest.py:907: NotAppKeyWarning: It is recommended to use web.RequestKey instances for keys.
  https://docs.aiohttp.org/en/stable/web_advanced.html#request-s-storage
    request["user"] = user

tests/test_handlers_uninstall.py::test_uninstall_preview_acceptance_and_completion
  /Users/ychchen/warren_ws/kirocrew-app-aidlc/tests/conftest.py:909: NotAppKeyWarning: It is recommended to use web.RequestKey instances for keys.
  https://docs.aiohttp.org/en/stable/web_advanced.html#request-s-storage
    request["app"] = app

tests/test_handlers_uninstall.py::test_uninstall_preview_acceptance_and_completion
tests/test_handlers_uninstall.py::test_uninstall_rejects_stale_preview_before_acceptance
tests/test_handlers_uninstall.py::test_transaction_read_cannot_name_another_repository
tests/test_handlers_rollback.py::test_rollback_preview_acceptance_completion_and_target_disappears
tests/test_handlers_rollback.py::test_changed_files_block_rollback_and_stale_confirmation_creates_no_transaction
tests/test_handlers_rollback.py::test_application_recovery_restores_interrupted_receipt_transaction_without_payload[uninstall]
tests/test_handlers_rollback.py::test_application_recovery_restores_interrupted_receipt_transaction_without_payload[rollback]
  /Users/ychchen/warren_ws/kirocrew-app-aidlc/tests/test_handlers_auth.py:147: NotAppKeyWarning: It is recommended to use web.AppKey instances for keys.
  https://docs.aiohttp.org/en/stable/web_advanced.html#application-s-config
    request.app["ctx"] = sv.ctx

-- Docs: https://docs.pytest.org/en/stable/how-to/capture-warnings.html
102 passed, 23 warnings in 73.26s (0:01:13)
